Traceback (most recent call last):
  File "C:\Users\mayhe\anaconda3\envs\jb1\lib\site-packages\jupyter_cache\executors\utils.py", line 58, in single_nb_execution
    executenb(
  File "C:\Users\mayhe\anaconda3\envs\jb1\lib\site-packages\nbclient\client.py", line 1319, in execute
    return NotebookClient(nb=nb, resources=resources, km=km, **kwargs).execute()
  File "C:\Users\mayhe\anaconda3\envs\jb1\lib\site-packages\jupyter_core\utils\__init__.py", line 165, in wrapped
    return loop.run_until_complete(inner)
  File "C:\Users\mayhe\anaconda3\envs\jb1\lib\asyncio\base_events.py", line 647, in run_until_complete
    return future.result()
  File "C:\Users\mayhe\anaconda3\envs\jb1\lib\site-packages\nbclient\client.py", line 709, in async_execute
    await self.async_execute_cell(
  File "C:\Users\mayhe\anaconda3\envs\jb1\lib\site-packages\nbclient\client.py", line 1062, in async_execute_cell
    await self._check_raise_for_error(cell, cell_index, exec_reply)
  File "C:\Users\mayhe\anaconda3\envs\jb1\lib\site-packages\nbclient\client.py", line 918, in _check_raise_for_error
    raise CellExecutionError.from_cell_and_msg(cell, exec_reply_content)
nbclient.exceptions.CellExecutionError: An error occurred while executing the following cell:
------------------
## Question 1

An early predator-prey population model is the Lotka-Volterra Model (<http://www.scholarpedia.org/article/Predator-prey_model>)
given by:

\begin{align*}
\dot{x} &= (b - py)x\\
\dot{y} &= (rx - d)y
\end{align*}

Where $x$ denotes the prey population and $y$ denotes the predator population. This can be integrated out directly to arrive at the identity:

$$
C = b \ln y(t) - p y(t) - r x(t) + d \ln x(t)
$$

where $C$ is a constant determined by the initial conditions and parameters. All solutions should satisfy this relation.


1. Use Euler's method to solve this system of ODEs for $b = p = r = d = 1$ up to $t = 10$.

2. Use your solutions to calculate $C$ over time. Does it stay constant? What happens if you reduce the size of your $t$ step?
------------------


[1;36m  Cell [1;32mIn[1], line 3[1;36m[0m
[1;33m    An early predator-prey population model is the Lotka-Volterra Model (<http://www.scholarpedia.org/article/Predator-prey_model>)[0m
[1;37m       ^[0m
[1;31mSyntaxError[0m[1;31m:[0m invalid syntax


