Traceback (most recent call last):
  File "C:\Users\mayhe\anaconda3\envs\jb1\lib\site-packages\jupyter_cache\executors\utils.py", line 58, in single_nb_execution
    executenb(
  File "C:\Users\mayhe\anaconda3\envs\jb1\lib\site-packages\nbclient\client.py", line 1319, in execute
    return NotebookClient(nb=nb, resources=resources, km=km, **kwargs).execute()
  File "C:\Users\mayhe\anaconda3\envs\jb1\lib\site-packages\jupyter_core\utils\__init__.py", line 165, in wrapped
    return loop.run_until_complete(inner)
  File "C:\Users\mayhe\anaconda3\envs\jb1\lib\asyncio\base_events.py", line 647, in run_until_complete
    return future.result()
  File "C:\Users\mayhe\anaconda3\envs\jb1\lib\site-packages\nbclient\client.py", line 709, in async_execute
    await self.async_execute_cell(
  File "C:\Users\mayhe\anaconda3\envs\jb1\lib\site-packages\nbclient\client.py", line 1062, in async_execute_cell
    await self._check_raise_for_error(cell, cell_index, exec_reply)
  File "C:\Users\mayhe\anaconda3\envs\jb1\lib\site-packages\nbclient\client.py", line 918, in _check_raise_for_error
    raise CellExecutionError.from_cell_and_msg(cell, exec_reply_content)
nbclient.exceptions.CellExecutionError: An error occurred while executing the following cell:
------------------
#Lists to hold the data
data = []

with open('data2.tsv', 'r') as f:
    header = f.readline() #read header
    
    for line in f:
        line = line.strip() #This clears trailing whitespace (e.g. \n)
        line = line.split('\t') #Makes a list
        
        #Converting data to floats
        for i,col in enumerate(line):
            line[i] = np.float(col)
        
        data.append(line)

#Converting data to array
data = np.array(data)
------------------


[1;31m---------------------------------------------------------------------------[0m
[1;31mAttributeError[0m                            Traceback (most recent call last)
Cell [1;32mIn[12], line 13[0m
[0;32m     11[0m         [38;5;66;03m#Converting data to floats[39;00m
[0;32m     12[0m         [38;5;28;01mfor[39;00m i,col [38;5;129;01min[39;00m [38;5;28menumerate[39m(line):
[1;32m---> 13[0m             line[i] [38;5;241m=[39m [43mnp[49m[38;5;241;43m.[39;49m[43mfloat[49m(col)
[0;32m     15[0m         data[38;5;241m.[39mappend(line)
[0;32m     17[0m [38;5;66;03m#Converting data to array[39;00m

File [1;32m~\anaconda3\envs\jb1\lib\site-packages\numpy\__init__.py:353[0m, in [0;36m__getattr__[1;34m(attr)[0m
[0;32m    348[0m     warnings[38;5;241m.[39mwarn(
[0;32m    349[0m         [38;5;124mf[39m[38;5;124m"[39m[38;5;124mIn the future `np.[39m[38;5;132;01m{[39;00mattr[38;5;132;01m}[39;00m[38;5;124m` will be defined as the [39m[38;5;124m"[39m
[0;32m    350[0m         [38;5;124m"[39m[38;5;124mcorresponding NumPy scalar.[39m[38;5;124m"[39m, [38;5;167;01mFutureWarning[39;00m, stacklevel[38;5;241m=[39m[38;5;241m2[39m)
[0;32m    352[0m [38;5;28;01mif[39;00m attr [38;5;129;01min[39;00m __former_attrs__:
[1;32m--> 353[0m     [38;5;28;01mraise[39;00m [38;5;167;01mAttributeError[39;00m(__former_attrs__[attr])
[0;32m    355[0m [38;5;28;01mif[39;00m attr [38;5;241m==[39m [38;5;124m'[39m[38;5;124mtesting[39m[38;5;124m'[39m:
[0;32m    356[0m     [38;5;28;01mimport[39;00m[38;5;250m [39m[38;5;21;01mnumpy[39;00m[38;5;21;01m.[39;00m[38;5;21;01mtesting[39;00m[38;5;250m [39m[38;5;28;01mas[39;00m[38;5;250m [39m[38;5;21;01mtesting[39;00m

[1;31mAttributeError[0m: module 'numpy' has no attribute 'float'.
`np.float` was a deprecated alias for the builtin `float`. To avoid this error in existing code, use `float` by itself. Doing this will not modify any behavior and is safe. If you specifically wanted the numpy scalar type, use `np.float64` here.
The aliases was originally deprecated in NumPy 1.20; for more details and guidance see the original release note at:
    https://numpy.org/devdocs/release/1.20.0-notes.html#deprecations

